
> client@1.0.0 build
> vite build

[36mvite v8.0.3 [32mbuilding client environment for production...[36m[39m
[2K
transforming...Γ£ô 2741 modules transformed.
node.exe : 
[33m[lightningcss 
minify] Unknown at rule: 
@tailwind
At C:\Program 
Files\nodejs\npm.ps1:29 
char:3
+   & $NODE_EXE 
$NPM_CLI_JS $args
+   ~~~~~~~~~~~~~~~~~~~~~~
~~~~~~~
    + CategoryInfo        
      : NotSpecified: (  
  [33m[lightning...rule   
 : @tailwind:String) [    
], RemoteException
    + FullyQualifiedError 
   Id : NativeCommandErr  
  or
 
1  |  @tailwind base;
   |           ^
2  |  @tailwind 
components;
3  |  @tailwind 
utilities;[39m
[33m[lightningcss 
minify] Unknown at rule: 
@tailwind
1  |  @tailwind base;
2  |  @tailwind 
components;
   |           ^
3  |  @tailwind utilities;
4  |  [39m
[33m[lightningcss 
minify] Unknown at rule: 
@tailwind
1  |  @tailwind base;
2  |  @tailwind 
components;
3  |  @tailwind utilities;
   |           ^
4  |  
5  |  @layer base {[39m
[33m[lightningcss 
minify] Unknown at rule: 
@apply
5  |  @layer base {
6  |    body {
7  |      @apply 
bg-background 
text-slate-50 antialiased 
font-sans 
overflow-x-hidden selectio
n:bg-primary-500/30 
selection:...
   |            ^
8  |    }
9  |  }[39m
rendering chunks...
computing gzip size...
dist/index.html                     0.67 kB Γöé gzip:   0.38 kB
dist/assets/index-Dop0VYFW.css      0.20 kB Γöé gzip:   0.15 kB
dist/assets/index-TkA0BIzW.js   1,329.56 kB Γöé gzip: 379.58 kB

[32mΓ£ô built in 1.40s[39m
[33m[plugin 
builtin:vite-reporter] 
(!) Some chunks are 
larger than 500 kB after 
minification. Consider:
- Using dynamic import() 
to code-split the 
application
- Use build.rolldownOption
s.output.codeSplitting to 
improve chunking: https://
rolldown.rs/reference/Outp
utOptions.codeSplitting
- Adjust chunk size limit 
for this warning via build
.chunkSizeWarningLimit.[3
9m
